[www.kreadoai.com/index.html]
[backblue.gif]
[fade.gif]
[index.html]
[www.kreadoai.com/favicon.png]
[www.kreadoai.com/assets/index-4249bb9b.js]
[www.kreadoai.com/assets/index-7fde292a.css]
[www.kreadoai.com/index.html]
[hm.baidu.com/hm79d5.js]
[www.kreadoai.com/assets/Inter-Regular-41ab0f70.ttf]
[www.kreadoai.com/assets/Inter-SemiBold-e8cbc2b8.ttf]
[www.kreadoai.com/assets/Inter-Bold-790c108b.ttf]
[www.kreadoai.com/assets/Inter-Medium-10d48331.ttf]
[www.kreadoai.com/assets/Poppins-Medium-fcff04f4.ttf]
[www.kreadoai.com/assets/Poppins-Medium-fae23463.otf]
[www.kreadoai.com/assets/Poppins-Medium-cf842f0f.woff]
[www.kreadoai.com/assets/Poppins-Bold-1984efdd.ttf]
[www.kreadoai.com/assets/Poppins-Bold-56c9137f.otf]
[www.kreadoai.com/assets/Poppins-Bold-14964aef.woff]
[www.kreadoai.com/assets/Poppins-SemiBold-dae40ca7.ttf]
[www.kreadoai.com/assets/Poppins-SemiBold-37504a1d.otf]
[www.kreadoai.com/assets/Poppins-SemiBold-e33e73e4.woff]
[www.kreadoai.com/assets/Poppins-Regular-cdedb172.ttf]
[www.kreadoai.com/assets/Poppins-Regular-e0d67e16.otf]
[www.kreadoai.com/assets/index-7fde292a.css]
[www.kreadoai.com/assets/Poppins-Regular-fcc8cc54.woff]
